
> server@1.0.0 test
> jest

node.exe : FAIL tests/employee.test.js (10.731 s)
At C:\Program Files\nodejs\npm.ps1:29 char:3
+   & $NODE_EXE $NPM_CLI_JS $args
+   ~~~~~~~~~~~~~~~~~~~~~~~~~~~~~
    + CategoryInfo          : NotSpecified: (FAI 
   L tests/employee.test.js (10.731 s):String)   
  [], RemoteException
    + FullyQualifiedErrorId : NativeCommandError
 
  ΓùÅ Employee Controller ΓÇ║ should create an 
employee as Admin

    thrown: "Exceeded timeout of 5000 ms for a 
hook.
    Add a timeout value to this test to increase 
the timeout, if this is a long-running test. See 
https://jestjs.io/docs/api#testname-fn-timeout."

    [0m [90m 37 |[39m
     [90m 38 |[39m describe([32m'Employee 
Controller'[39m[33m,[39m () [33m=>[39m {
    [31m[1m>[22m[39m[90m 39 |[39m     
beforeAll([36masync[39m () [33m=>[39m {
     [90m    |[39m     [31m[1m^[22m[39m
     [90m 40 |[39m         [90m// Connect to 
a test database[39m
     [90m 41 |[39m         [36mconst[39m url 
[33m=[39m process[33m.[39menv[33m.[39m[33m
MONGO_URI_TEST[39m [33m||[39m [32m'mongodb://
localhost:27017/employee-portal-test'[39m[33m;
[39m
     [90m 42 |[39m         [36mawait[39m 
mongoose[33m.[39mconnect(url)[33m;[39m[0m

      at beforeAll (tests/employee.test.js:39:5)
      at Object.describe 
(tests/employee.test.js:38:1)

  ΓùÅ Employee Controller ΓÇ║ should allow 
Supervisor to create Employee

    thrown: "Exceeded timeout of 5000 ms for a 
hook.
    Add a timeout value to this test to increase 
the timeout, if this is a long-running test. See 
https://jestjs.io/docs/api#testname-fn-timeout."

    [0m [90m 37 |[39m
     [90m 38 |[39m describe([32m'Employee 
Controller'[39m[33m,[39m () [33m=>[39m {
    [31m[1m>[22m[39m[90m 39 |[39m     
beforeAll([36masync[39m () [33m=>[39m {
     [90m    |[39m     [31m[1m^[22m[39m
     [90m 40 |[39m         [90m// Connect to 
a test database[39m
     [90m 41 |[39m         [36mconst[39m url 
[33m=[39m process[33m.[39menv[33m.[39m[33m
MONGO_URI_TEST[39m [33m||[39m [32m'mongodb://
localhost:27017/employee-portal-test'[39m[33m;
[39m
     [90m 42 |[39m         [36mawait[39m 
mongoose[33m.[39mconnect(url)[33m;[39m[0m

      at beforeAll (tests/employee.test.js:39:5)
      at Object.describe 
(tests/employee.test.js:38:1)

  ΓùÅ Employee Controller ΓÇ║ should NOT allow 
Supervisor to create Admin

    thrown: "Exceeded timeout of 5000 ms for a 
hook.
    Add a timeout value to this test to increase 
the timeout, if this is a long-running test. See 
https://jestjs.io/docs/api#testname-fn-timeout."

    [0m [90m 37 |[39m
     [90m 38 |[39m describe([32m'Employee 
Controller'[39m[33m,[39m () [33m=>[39m {
    [31m[1m>[22m[39m[90m 39 |[39m     
beforeAll([36masync[39m () [33m=>[39m {
     [90m    |[39m     [31m[1m^[22m[39m
     [90m 40 |[39m         [90m// Connect to 
a test database[39m
     [90m 41 |[39m         [36mconst[39m url 
[33m=[39m process[33m.[39menv[33m.[39m[33m
MONGO_URI_TEST[39m [33m||[39m [32m'mongodb://
localhost:27017/employee-portal-test'[39m[33m;
[39m
     [90m 42 |[39m         [36mawait[39m 
mongoose[33m.[39mconnect(url)[33m;[39m[0m

      at beforeAll (tests/employee.test.js:39:5)
      at Object.describe 
(tests/employee.test.js:38:1)

  ΓùÅ Employee Controller ΓÇ║ should filter 
employees by role

    thrown: "Exceeded timeout of 5000 ms for a 
hook.
    Add a timeout value to this test to increase 
the timeout, if this is a long-running test. See 
https://jestjs.io/docs/api#testname-fn-timeout."

    [0m [90m 37 |[39m
     [90m 38 |[39m describe([32m'Employee 
Controller'[39m[33m,[39m () [33m=>[39m {
    [31m[1m>[22m[39m[90m 39 |[39m     
beforeAll([36masync[39m () [33m=>[39m {
     [90m    |[39m     [31m[1m^[22m[39m
     [90m 40 |[39m         [90m// Connect to 
a test database[39m
     [90m 41 |[39m         [36mconst[39m url 
[33m=[39m process[33m.[39menv[33m.[39m[33m
MONGO_URI_TEST[39m [33m||[39m [32m'mongodb://
localhost:27017/employee-portal-test'[39m[33m;
[39m
     [90m 42 |[39m         [36mawait[39m 
mongoose[33m.[39mconnect(url)[33m;[39m[0m

      at beforeAll (tests/employee.test.js:39:5)
      at Object.describe 
(tests/employee.test.js:38:1)

  ΓùÅ Employee Controller ΓÇ║ should search 
employees

    thrown: "Exceeded timeout of 5000 ms for a 
hook.
    Add a timeout value to this test to increase 
the timeout, if this is a long-running test. See 
https://jestjs.io/docs/api#testname-fn-timeout."

    [0m [90m 37 |[39m
     [90m 38 |[39m describe([32m'Employee 
Controller'[39m[33m,[39m () [33m=>[39m {
    [31m[1m>[22m[39m[90m 39 |[39m     
beforeAll([36masync[39m () [33m=>[39m {
     [90m    |[39m     [31m[1m^[22m[39m
     [90m 40 |[39m         [90m// Connect to 
a test database[39m
     [90m 41 |[39m         [36mconst[39m url 
[33m=[39m process[33m.[39menv[33m.[39m[33m
MONGO_URI_TEST[39m [33m||[39m [32m'mongodb://
localhost:27017/employee-portal-test'[39m[33m;
[39m
     [90m 42 |[39m         [36mawait[39m 
mongoose[33m.[39mconnect(url)[33m;[39m[0m

      at beforeAll (tests/employee.test.js:39:5)
      at Object.describe 
(tests/employee.test.js:38:1)

  ΓùÅ Employee Controller ΓÇ║ should prevent 
Supervisor from deleting employee

    thrown: "Exceeded timeout of 5000 ms for a 
hook.
    Add a timeout value to this test to increase 
the timeout, if this is a long-running test. See 
https://jestjs.io/docs/api#testname-fn-timeout."

    [0m [90m 37 |[39m
     [90m 38 |[39m describe([32m'Employee 
Controller'[39m[33m,[39m () [33m=>[39m {
    [31m[1m>[22m[39m[90m 39 |[39m     
beforeAll([36masync[39m () [33m=>[39m {
     [90m    |[39m     [31m[1m^[22m[39m
     [90m 40 |[39m         [90m// Connect to 
a test database[39m
     [90m 41 |[39m         [36mconst[39m url 
[33m=[39m process[33m.[39menv[33m.[39m[33m
MONGO_URI_TEST[39m [33m||[39m [32m'mongodb://
localhost:27017/employee-portal-test'[39m[33m;
[39m
     [90m 42 |[39m         [36mawait[39m 
mongoose[33m.[39mconnect(url)[33m;[39m[0m

      at beforeAll (tests/employee.test.js:39:5)
      at Object.describe 
(tests/employee.test.js:38:1)


  ΓùÅ Test suite failed to run

    thrown: "Exceeded timeout of 5000 ms for a 
hook.
    Add a timeout value to this test to increase 
the timeout, if this is a long-running test. See 
https://jestjs.io/docs/api#testname-fn-timeout."

    [0m [90m 43 |[39m     })[33m;[39m
     [90m 44 |[39m
    [31m[1m>[22m[39m[90m 45 |[39m     
afterAll([36masync[39m () [33m=>[39m {
     [90m    |[39m     [31m[1m^[22m[39m
     [90m 46 |[39m         [36mawait[39m [33
mUser[39m[33m.[39mdeleteMany({})[33m;[39m
     [90m 47 |[39m         [36mawait[39m mong
oose[33m.[39mconnection[33m.[39mclose()[33m;
[39m
     [90m 48 |[39m     })[33m;[39m[0m

      at afterAll (tests/employee.test.js:45:5)
      at Object.describe 
(tests/employee.test.js:38:1)

Test Suites: 1 failed, 1 total
Tests:       6 failed, 6 total
Snapshots:   0 total
Time:        10.797 s, estimated 11 s
Ran all test suites.
Jest did not exit one second after the test run 
has completed.

'This usually means that there are asynchronous 
operations that weren't stopped in your tests. 
Consider running Jest with `--detectOpenHandles` 
to troubleshoot this issue.
